/* Generated version-script for ld */

LIBWRASTER5
{
  global:
    RShutdown;
    RSupportedFileFormats;
    RGetImageFileFormat;
    RCreateContext;
    RDestroyContext;
    RGetClosestXColor;
    RCreateImage;
    RCreateImageFromXImage;
    RCreateImageFromDrawable;
    RLoadImage;
    RRetainImage;
    RReleaseImage;
    RGetImageFromXPMData;
    RSaveImage;
    RCloneImage;
    RGetSubImage;
    RCombineImageWithColor;
    RCombineImages;
    RCombineArea;
    RCopyArea;
    RCombineImagesWithOpaqueness;
    RCombineAreaWithOpaqueness;
    RCombineAlpha;
    RScaleImage;
    RSmoothScaleImage;
    RRotateImage;
    RFlipImage;
    RMakeTiledImage;
    RMakeCenteredImage;
    RGetPixel;
    RPutPixel;
    ROperatePixel;
    RPutPixels;
    ROperatePixels;
    RDrawLine;
    ROperateLine;
    RDrawLines;
    ROperateLines;
    ROperateRectangle;
    RDrawSegments;
    ROperateSegments;
    RRGBtoHSV;
    RHSVtoRGB;
    RClearImage;
    RLightImage;
    RFillImage;
    RBevelImage;
    RRenderGradient;
    RRenderMultiGradient;
    RRenderInterwovenGradient;
    RConvertImage;
    RConvertImageMask;
    RCreateXImage;
    RGetXImage;
    RDestroyXImage;
    RPutXImage;
    RMessageForError;
    RBlurImage;
    RErrorCode;

  local:
    *;
};
